{"level":"\u001b[32minfo\u001b[39m","message":"\u001b[90mPOST /test\u001b[39m \u001b[32m200\u001b[39m \u001b[90m61ms\u001b[39m","meta":{"req":{"headers":{"accept":"*/*","accept-encoding":"gzip, deflate, br","connection":"keep-alive","content-length":"25","content-type":"application/json","cookie":"refreshToken=eyJhbGciOiJIUzI1NiIsInR5cCI6IkpXVCJ9.eyJ1c2VyIjp7Im5hbWUiOiJzYW0ifSwiaWF0IjoxNzA3MTI4MDYwfQ.-skLBkYKEhVhh1WOw8yHsB2N8DE8rDZvDlF-ZiDx0Kw","host":"localhost:5000","postman-token":"dc1ab5be-0d31-4990-929c-d86a10150900","user-agent":"PostmanRuntime/7.36.1"},"httpVersion":"1.1","method":"POST","originalUrl":"/test","query":{},"url":"/test"},"res":{"statusCode":200},"responseTime":61}}
{"level":"\u001b[32minfo\u001b[39m","message":"\u001b[90mPOST /test\u001b[39m \u001b[32m200\u001b[39m \u001b[90m7ms\u001b[39m","meta":{"req":{"headers":{"accept":"*/*","accept-encoding":"gzip, deflate, br","connection":"keep-alive","content-length":"25","content-type":"application/json","cookie":"refreshToken=eyJhbGciOiJIUzI1NiIsInR5cCI6IkpXVCJ9.eyJ1c2VyIjp7Im5hbWUiOiJzYW0ifSwiaWF0IjoxNzA3MTI4MDYwfQ.-skLBkYKEhVhh1WOw8yHsB2N8DE8rDZvDlF-ZiDx0Kw","host":"localhost:5000","postman-token":"961db04f-d869-4bdf-bbc8-9a0f66ac4a1d","user-agent":"PostmanRuntime/7.36.1"},"httpVersion":"1.1","method":"POST","originalUrl":"/test","query":{},"url":"/test"},"res":{"statusCode":200},"responseTime":7}}
{"level":"\u001b[32minfo\u001b[39m","message":"\u001b[90mPOST /test\u001b[39m \u001b[32m200\u001b[39m \u001b[90m4ms\u001b[39m","meta":{"req":{"headers":{"accept":"*/*","accept-encoding":"gzip, deflate, br","connection":"keep-alive","content-length":"25","content-type":"application/json","cookie":"refreshToken=eyJhbGciOiJIUzI1NiIsInR5cCI6IkpXVCJ9.eyJ1c2VyIjp7Im5hbWUiOiJzYW0ifSwiaWF0IjoxNzA3MTI4MDYwfQ.-skLBkYKEhVhh1WOw8yHsB2N8DE8rDZvDlF-ZiDx0Kw","host":"localhost:5000","postman-token":"0b4d23c7-03fc-44fb-95f7-110fbc1db8ac","user-agent":"PostmanRuntime/7.36.1"},"httpVersion":"1.1","method":"POST","originalUrl":"/test","query":{},"url":"/test"},"res":{"statusCode":200},"responseTime":4}}
{"level":"\u001b[32minfo\u001b[39m","message":"\u001b[90mPOST /test\u001b[39m \u001b[32m200\u001b[39m \u001b[90m16ms\u001b[39m","meta":{"req":{"headers":{"accept":"*/*","accept-encoding":"gzip, deflate, br","connection":"keep-alive","content-length":"25","content-type":"application/json","cookie":"refreshToken=eyJhbGciOiJIUzI1NiIsInR5cCI6IkpXVCJ9.eyJ1c2VyIjp7Im5hbWUiOiJzYW0ifSwiaWF0IjoxNzA3MTI4MDYwfQ.-skLBkYKEhVhh1WOw8yHsB2N8DE8rDZvDlF-ZiDx0Kw","host":"localhost:5000","postman-token":"daf81327-af01-4b48-bfbf-d67027279b3f","user-agent":"PostmanRuntime/7.36.1"},"httpVersion":"1.1","method":"POST","originalUrl":"/test","query":{},"url":"/test"},"res":{"statusCode":200},"responseTime":16}}
{"level":"\u001b[32minfo\u001b[39m","message":"\u001b[90mPOST /test\u001b[39m \u001b[32m200\u001b[39m \u001b[90m15ms\u001b[39m","meta":{"req":{"body":{"name":"Rakesh"},"headers":{"accept":"*/*","accept-encoding":"gzip, deflate, br","connection":"keep-alive","content-length":"25","content-type":"application/json","cookie":"refreshToken=eyJhbGciOiJIUzI1NiIsInR5cCI6IkpXVCJ9.eyJ1c2VyIjp7Im5hbWUiOiJzYW0ifSwiaWF0IjoxNzA3MTI4MDYwfQ.-skLBkYKEhVhh1WOw8yHsB2N8DE8rDZvDlF-ZiDx0Kw","host":"localhost:5000","postman-token":"284ab842-bdcb-497a-8411-69841d6bd3ce","user-agent":"PostmanRuntime/7.36.1"},"httpVersion":"1.1","method":"POST","originalUrl":"/test","query":{},"url":"/test"},"res":{"statusCode":200},"responseTime":15}}
{"level":"\u001b[32minfo\u001b[39m","message":"\u001b[90mPOST /test\u001b[39m \u001b[32m200\u001b[39m \u001b[90m66ms\u001b[39m","meta":{"req":{"body":{"name":"Rakesh"},"headers":{"accept":"*/*","accept-encoding":"gzip, deflate, br","connection":"keep-alive","content-length":"25","content-type":"application/json","cookie":"refreshToken=eyJhbGciOiJIUzI1NiIsInR5cCI6IkpXVCJ9.eyJ1c2VyIjp7Im5hbWUiOiJzYW0ifSwiaWF0IjoxNzA3MTI4MDYwfQ.-skLBkYKEhVhh1WOw8yHsB2N8DE8rDZvDlF-ZiDx0Kw","host":"localhost:5000","postman-token":"5d911a3b-797d-4424-acab-7df325e27783","user-agent":"PostmanRuntime/7.36.1"},"httpVersion":"1.1","method":"POST","originalUrl":"/test","query":{},"url":"/test"},"res":{"statusCode":200},"responseTime":66}}
{"level":"\u001b[32minfo\u001b[39m","message":"\u001b[90mPOST /test\u001b[39m \u001b[32m200\u001b[39m \u001b[90m78ms\u001b[39m","meta":{"req":{"body":{"name":"Rakesh"},"headers":{"accept":"*/*","accept-encoding":"gzip, deflate, br","connection":"keep-alive","content-length":"25","content-type":"application/json","cookie":"refreshToken=eyJhbGciOiJIUzI1NiIsInR5cCI6IkpXVCJ9.eyJ1c2VyIjp7Im5hbWUiOiJzYW0ifSwiaWF0IjoxNzA3MTI4MDYwfQ.-skLBkYKEhVhh1WOw8yHsB2N8DE8rDZvDlF-ZiDx0Kw","host":"localhost:5000","postman-token":"18bcaf96-3fde-471f-b92a-0d433a62f7c8","user-agent":"PostmanRuntime/7.36.1"},"httpVersion":"1.1","method":"POST","originalUrl":"/test","query":{},"url":"/test"},"res":{"statusCode":200},"responseTime":78}}
{"level":"\u001b[32minfo\u001b[39m","message":"\u001b[90mPOST /test\u001b[39m \u001b[32m200\u001b[39m \u001b[90m52ms\u001b[39m","meta":{"req":{"body":{"name":"Rakesh"},"headers":{"accept":"*/*","accept-encoding":"gzip, deflate, br","connection":"keep-alive","content-length":"25","content-type":"application/json","cookie":"refreshToken=eyJhbGciOiJIUzI1NiIsInR5cCI6IkpXVCJ9.eyJ1c2VyIjp7Im5hbWUiOiJzYW0ifSwiaWF0IjoxNzA3MTI4MDYwfQ.-skLBkYKEhVhh1WOw8yHsB2N8DE8rDZvDlF-ZiDx0Kw","host":"localhost:5000","postman-token":"f43a8e97-756b-446c-bb0d-a1cb46d4fcc5","user-agent":"PostmanRuntime/7.36.1"},"httpVersion":"1.1","method":"POST","originalUrl":"/test","query":{},"url":"/test"},"res":{"statusCode":200},"responseTime":52}}
{"level":"\u001b[32minfo\u001b[39m","message":"\u001b[90mPOST /test\u001b[39m \u001b[32m200\u001b[39m \u001b[90m18ms\u001b[39m","meta":{"req":{"body":{"name":"Rakesh"},"headers":{"accept":"*/*","accept-encoding":"gzip, deflate, br","connection":"keep-alive","content-length":"25","content-type":"application/json","cookie":"refreshToken=eyJhbGciOiJIUzI1NiIsInR5cCI6IkpXVCJ9.eyJ1c2VyIjp7Im5hbWUiOiJzYW0ifSwiaWF0IjoxNzA3MTI4MDYwfQ.-skLBkYKEhVhh1WOw8yHsB2N8DE8rDZvDlF-ZiDx0Kw","host":"localhost:5000","postman-token":"ae1754b7-9811-4234-8e72-ac0d889b7298","user-agent":"PostmanRuntime/7.36.1"},"httpVersion":"1.1","method":"POST","originalUrl":"/test","query":{},"url":"/test"},"res":{"statusCode":200},"responseTime":18}}
{"level":"\u001b[32minfo\u001b[39m","message":"\u001b[90mGET /\u001b[39m \u001b[31m500\u001b[39m \u001b[90m28ms\u001b[39m","meta":{"req":{"headers":{"accept":"text/html,application/xhtml+xml,application/xml;q=0.9,image/avif,image/webp,image/apng,*/*;q=0.8,application/signed-exchange;v=b3;q=0.7","accept-encoding":"gzip, deflate, br","accept-language":"en-GB,en-US;q=0.9,en;q=0.8","connection":"keep-alive","cookie":"__stripe_mid=42fa6955-a973-4b8c-8363-cd605320aeed8493b9; _ga=GA1.1.842244261.1704950444; twk_uuid_65658a8926949f7911356d68=%7B%22uuid%22%3A%221.HPzGcmTmELJ79Hg8Cdy928nGYbcoqjblDtQMhzip5NGLxVgbr1r9pFMwy7YaVBI1JG0DCoq6pi2tpqHhNXcSA1wfpo4BWcSCjbkOl%22%2C%22version%22%3A3%2C%22domain%22%3Anull%2C%22ts%22%3A1704977269781%7D; _ga_TSHYDRD6H2=GS1.1.1704977269.5.1.1704977556.0.0.0; _ga_W1Y61691ZM=GS1.1.1704977556.4.0.1704977556.0.0.0; connect.sid=s%3ATiZBVYoCrdE3zEpY5x7o43THkS2C7fIm.nRkKirAwAspqSM2lnollGzauGvmOuXvD67i0C6zp8a0","host":"localhost:5000","if-none-match":"W/\"f-MYSY3UerB/27CN4AgGDEI+m9YJo\"","sec-ch-ua":"\"Not A(Brand\";v=\"99\", \"Google Chrome\";v=\"121\", \"Chromium\";v=\"121\"","sec-ch-ua-mobile":"?0","sec-ch-ua-platform":"\"Windows\"","sec-fetch-dest":"document","sec-fetch-mode":"navigate","sec-fetch-site":"none","sec-fetch-user":"?1","upgrade-insecure-requests":"1","user-agent":"Mozilla/5.0 (Windows NT 10.0; Win64; x64) AppleWebKit/537.36 (KHTML, like Gecko) Chrome/121.0.0.0 Safari/537.36"},"httpVersion":"1.1","method":"GET","originalUrl":"/","query":{},"url":"/"},"res":{"statusCode":500},"responseTime":28}}
{"level":"\u001b[32minfo\u001b[39m","message":"\u001b[90mGET /\u001b[39m \u001b[32m200\u001b[39m \u001b[90m6ms\u001b[39m","meta":{"req":{"headers":{"accept":"text/html,application/xhtml+xml,application/xml;q=0.9,image/avif,image/webp,image/apng,*/*;q=0.8,application/signed-exchange;v=b3;q=0.7","accept-encoding":"gzip, deflate, br","accept-language":"en-GB,en-US;q=0.9,en;q=0.8","cache-control":"max-age=0","connection":"keep-alive","cookie":"__stripe_mid=42fa6955-a973-4b8c-8363-cd605320aeed8493b9; _ga=GA1.1.842244261.1704950444; twk_uuid_65658a8926949f7911356d68=%7B%22uuid%22%3A%221.HPzGcmTmELJ79Hg8Cdy928nGYbcoqjblDtQMhzip5NGLxVgbr1r9pFMwy7YaVBI1JG0DCoq6pi2tpqHhNXcSA1wfpo4BWcSCjbkOl%22%2C%22version%22%3A3%2C%22domain%22%3Anull%2C%22ts%22%3A1704977269781%7D; _ga_TSHYDRD6H2=GS1.1.1704977269.5.1.1704977556.0.0.0; _ga_W1Y61691ZM=GS1.1.1704977556.4.0.1704977556.0.0.0","host":"localhost:5000","sec-ch-ua":"\"Not A(Brand\";v=\"99\", \"Google Chrome\";v=\"121\", \"Chromium\";v=\"121\"","sec-ch-ua-mobile":"?0","sec-ch-ua-platform":"\"Windows\"","sec-fetch-dest":"document","sec-fetch-mode":"navigate","sec-fetch-site":"none","sec-fetch-user":"?1","upgrade-insecure-requests":"1","user-agent":"Mozilla/5.0 (Windows NT 10.0; Win64; x64) AppleWebKit/537.36 (KHTML, like Gecko) Chrome/121.0.0.0 Safari/537.36"},"httpVersion":"1.1","method":"GET","originalUrl":"/","query":{},"url":"/"},"res":{"statusCode":200},"responseTime":6}}
{"level":"\u001b[32minfo\u001b[39m","message":"\u001b[90mGET /favicon.ico\u001b[39m \u001b[33m404\u001b[39m \u001b[90m1ms\u001b[39m","meta":{"req":{"headers":{"accept":"image/avif,image/webp,image/apng,image/svg+xml,image/*,*/*;q=0.8","accept-encoding":"gzip, deflate, br","accept-language":"en-GB,en-US;q=0.9,en;q=0.8","connection":"keep-alive","cookie":"__stripe_mid=42fa6955-a973-4b8c-8363-cd605320aeed8493b9; _ga=GA1.1.842244261.1704950444; twk_uuid_65658a8926949f7911356d68=%7B%22uuid%22%3A%221.HPzGcmTmELJ79Hg8Cdy928nGYbcoqjblDtQMhzip5NGLxVgbr1r9pFMwy7YaVBI1JG0DCoq6pi2tpqHhNXcSA1wfpo4BWcSCjbkOl%22%2C%22version%22%3A3%2C%22domain%22%3Anull%2C%22ts%22%3A1704977269781%7D; _ga_TSHYDRD6H2=GS1.1.1704977269.5.1.1704977556.0.0.0; _ga_W1Y61691ZM=GS1.1.1704977556.4.0.1704977556.0.0.0","host":"localhost:5000","referer":"http://localhost:5000/","sec-ch-ua":"\"Not A(Brand\";v=\"99\", \"Google Chrome\";v=\"121\", \"Chromium\";v=\"121\"","sec-ch-ua-mobile":"?0","sec-ch-ua-platform":"\"Windows\"","sec-fetch-dest":"image","sec-fetch-mode":"no-cors","sec-fetch-site":"same-origin","user-agent":"Mozilla/5.0 (Windows NT 10.0; Win64; x64) AppleWebKit/537.36 (KHTML, like Gecko) Chrome/121.0.0.0 Safari/537.36"},"httpVersion":"1.1","method":"GET","originalUrl":"/favicon.ico","query":{},"url":"/favicon.ico"},"res":{"statusCode":404},"responseTime":1}}
{"level":"\u001b[32minfo\u001b[39m","message":"\u001b[90mGET /\u001b[39m \u001b[32m200\u001b[39m \u001b[90m17ms\u001b[39m","meta":{"req":{"headers":{"accept":"text/html,application/xhtml+xml,application/xml;q=0.9,image/avif,image/webp,image/apng,*/*;q=0.8,application/signed-exchange;v=b3;q=0.7","accept-encoding":"gzip, deflate, br","accept-language":"en-GB,en-US;q=0.9,en;q=0.8","cache-control":"max-age=0","connection":"keep-alive","cookie":"__stripe_mid=42fa6955-a973-4b8c-8363-cd605320aeed8493b9; _ga=GA1.1.842244261.1704950444; twk_uuid_65658a8926949f7911356d68=%7B%22uuid%22%3A%221.HPzGcmTmELJ79Hg8Cdy928nGYbcoqjblDtQMhzip5NGLxVgbr1r9pFMwy7YaVBI1JG0DCoq6pi2tpqHhNXcSA1wfpo4BWcSCjbkOl%22%2C%22version%22%3A3%2C%22domain%22%3Anull%2C%22ts%22%3A1704977269781%7D; _ga_TSHYDRD6H2=GS1.1.1704977269.5.1.1704977556.0.0.0; _ga_W1Y61691ZM=GS1.1.1704977556.4.0.1704977556.0.0.0","host":"localhost:5000","if-none-match":"W/\"161-8ed+ImBmY801CL1xtRnhdQLBBKc\"","sec-ch-ua":"\"Not A(Brand\";v=\"99\", \"Google Chrome\";v=\"121\", \"Chromium\";v=\"121\"","sec-ch-ua-mobile":"?0","sec-ch-ua-platform":"\"Windows\"","sec-fetch-dest":"document","sec-fetch-mode":"navigate","sec-fetch-site":"none","sec-fetch-user":"?1","upgrade-insecure-requests":"1","user-agent":"Mozilla/5.0 (Windows NT 10.0; Win64; x64) AppleWebKit/537.36 (KHTML, like Gecko) Chrome/121.0.0.0 Safari/537.36"},"httpVersion":"1.1","method":"GET","originalUrl":"/","query":{},"url":"/"},"res":{"statusCode":200},"responseTime":17}}
{"level":"\u001b[32minfo\u001b[39m","message":"\u001b[90mGET /\u001b[39m \u001b[32m200\u001b[39m \u001b[90m16ms\u001b[39m","meta":{"req":{"headers":{"accept":"text/html,application/xhtml+xml,application/xml;q=0.9,image/avif,image/webp,image/apng,*/*;q=0.8,application/signed-exchange;v=b3;q=0.7","accept-encoding":"gzip, deflate, br","accept-language":"en-GB,en-US;q=0.9,en;q=0.8","connection":"keep-alive","cookie":"__stripe_mid=42fa6955-a973-4b8c-8363-cd605320aeed8493b9; _ga=GA1.1.842244261.1704950444; twk_uuid_65658a8926949f7911356d68=%7B%22uuid%22%3A%221.HPzGcmTmELJ79Hg8Cdy928nGYbcoqjblDtQMhzip5NGLxVgbr1r9pFMwy7YaVBI1JG0DCoq6pi2tpqHhNXcSA1wfpo4BWcSCjbkOl%22%2C%22version%22%3A3%2C%22domain%22%3Anull%2C%22ts%22%3A1704977269781%7D; _ga_TSHYDRD6H2=GS1.1.1704977269.5.1.1704977556.0.0.0; _ga_W1Y61691ZM=GS1.1.1704977556.4.0.1704977556.0.0.0","host":"localhost:5000","if-none-match":"W/\"18e-/P7+E4Xc0V+ZIl0clYKYO+e/l0E\"","purpose":"prefetch","sec-ch-ua":"\"Not A(Brand\";v=\"99\", \"Google Chrome\";v=\"121\", \"Chromium\";v=\"121\"","sec-ch-ua-mobile":"?0","sec-ch-ua-platform":"\"Windows\"","sec-fetch-dest":"document","sec-fetch-mode":"navigate","sec-fetch-site":"none","sec-fetch-user":"?1","sec-purpose":"prefetch;prerender","upgrade-insecure-requests":"1","user-agent":"Mozilla/5.0 (Windows NT 10.0; Win64; x64) AppleWebKit/537.36 (KHTML, like Gecko) Chrome/121.0.0.0 Safari/537.36"},"httpVersion":"1.1","method":"GET","originalUrl":"/","query":{},"url":"/"},"res":{"statusCode":200},"responseTime":16}}
